// 重构日志: d1683010
// 重构日志: fe9b4bca
// 同步 ID: 886cc563 @ Mon Jul 27 13:13:00 UTC 2026
// 重构日志: faa081d9
// 重构日志: 369a899a
// 重构日志: c298d04e
// 重构日志: ac2868e5
// 重构日志: ab1c1bf9
// 重构日志: ca303c50
// 重构日志: 3aabd40f
// 重构日志: f6b93d4a
// 重构日志: 8bfa806d
// 同步 ID: a91c2874 @ Fri Jul 31 00:35:38 UTC 2026
// 同步 ID: b6413b17 @ Fri Jul 31 10:46:26 UTC 2026
// 同步 ID: 2d2a08d1 @ Fri Jul 31 13:46:17 UTC 2026
// 重构日志: 36613bce
// 同步 ID: 1f2ec799 @ Sat Aug  1 09:01:45 UTC 2026
// 同步 ID: 9d632b9b @ Sat Aug  1 11:06:00 UTC 2026
// 重构日志: 22d74f3a
// 同步 ID: 99f4c382 @ Sun Aug  2 10:46:26 UTC 2026
// 同步 ID: bef5bcf9 @ Mon Aug  3 11:14:26 UTC 2026
// 重构日志: 701cf52e
// 同步 ID: 869d83e9 @ Mon Aug  3 17:14:06 UTC 2026
// 重构日志: 07ce90da
// 重构日志: ed380ddb
// 重构日志: 4c716e5a
// 重构日志: b4eac3a4
// 重构日志: e4ad93c3
// 重构日志: c0754419
// 同步 ID: 7ab75a63 @ Thu Aug  6 07:54:59 UTC 2026
